     1                                  ; Filename starterkitx32.asm
     2                                  
     3                                  ;-------------------------------------------------------
     4                                  ; CHOOSE TO BE A HERO OR A VILLIAN 
     5                                  ;-------------------------------------------------------
     6                                  
     7                                  ;-------------------------------------------------------
     8                                  ; VALIDATION VALUES TO BE USED, MODIFY AS NEEDED
     9                                  ; ADD ADDITIONAL VALIDATION VALUES AS REQUIRED
    10                                  ;-------------------------------------------------------
    11                                  MIN_POTIONS EQU 1                       ; MIN NUMBER OF POTIONS
    12                                  MAX_POTIONS EQU 9                       ; MAX NUMBER OF POTIONS
    13                                  MIN_WEAPONS EQU 1                       ; MIN WEAPONS
    14                                  MAX_WEAPONS EQU 3                       ; MAX WEAPONS
    15                                  WIN_POINT   EQU 5                       ; POINTS ACCUMILATED ON WIN
    16                                  LOSE_POINT  EQU 8                       ; POINTS DEDUCTED ON A LOSS
    17                                  
    18                                  MAX_HEALTH  EQU 100                     ; Max Health
    19                                  MIN_HEALTH  EQU 0                       ; Min Health
    20                                  LOSE_HEALTH EQU 10                      ; POINTS DEDUCTED ON A LOSS
    21                                  
    22                                  MINE_LOC    EQU 100                     ; USED BELOW FOR SOME SIMPLE COLLISION DETECTION USING CMP
    23                                                                          ; EXAMPLE FOR A HIT
    24                                  SCORE_INIT  EQU 0                       ; Initialize Scroe at 0
    25                                  SCORE_INC   EQU 100                     ; Score increment
    26                                  SCORE_VAL   EQU 9900                    ; Last possible score value, after this set to 9999
    27                                  MAX_SCORE   EQU 9999                    ; Max Score
    28                                  
    29                                  STATUS_OK   EQU 0x00                    ; return status okay
    30                                  SYS_EXIT    EQU 0x01                    ; system exit
    31                                  SYS_KERNEL  EQU 0x80                    ; kernel call
    32                                  SYS_READ    EQU 0x03                    ; System read
    33                                  SYS_STDIN   EQU 0x02                    ; stdin
    34                                  SYS_STDOUT  EQU 0x01                    ; stdout
    35                                  SYS_WRITE   EQU 0x04                    ; System write
    36                                  
    37                                  ;-------------------------------------------------------
    38                                  ;--------------------Globals----------------------------
    39                                  ;-------------------------------------------------------
    40                                  global _start                           ; Declared for linker this is declaring _start (entry point)
    41                                  
    42                                  ;-------------------------------------------------------
    43                                  ;--------------------Entry Point------------------------
    44                                  ;-------------------------------------------------------	
    45                                  _start: ;linker entry point
    46 00000000 E83C030000                  call    clear_screen                ; CLEARS THE SCREEN 
    47 00000005 E86D000000                  call    initialize                  ; Initialize Game Data
    48 0000000A E87E030000                  call    red_terminal                ; Red Terminal
    49 0000000F E87C000000                  call    welcome                     ; Branch to Welcome Procedure
    50 00000014 E838030000                  call    continue                    ; Press anykey to continue
    51 00000019 E823030000                  call    clear_screen                ; CLEARS THE SCREEN 
    52 0000001E E894030000                  call    blue_terminal               ; Blue Terminal
    53 00000023 E887000000                  call    game_input                  ; Branch to Game Input Procedure
    54 00000028 E824030000                  call    continue                    ; Press anykey to continue 
    55 0000002D E846030000                  call    default_terminal            ; Default Terminal
    56 00000032 E8E4000000                  call    game                        ; Branch to Game Procedure
    57 00000037 E825030000                  call    flush                       ; Flush before exit
    58 0000003C E800000000                  call    system_exit                 ; Exit and Clean Up
    59                                  
    60                                  ;-------------------------------------------------------
    61                                  ;--------------------System Exit------------------------
    62                                  ;-------------------------------------------------------
    63                                  system_exit:
    64 00000041 BB00000000                  mov     ebx, STATUS_OK              ; return status 32 Bit Registerr
    65 00000046 B801000000                  mov     eax, SYS_EXIT               ; system call number (sys_exit) 32 Bit Register
    66 0000004B CD80                        int     SYS_KERNEL                  ; call kernel, system call 32 bit System  
    67                                  
    68                                  ;-------------------------------------------------------
    69                                  ;-------------------Write to stdout---------------------
    70                                  ;-------------------------------------------------------
    71                                  sys_write:
    72 0000004D BB01000000                  mov     ebx, SYS_STDOUT             ; file descriptor (stdout) 32 Bit Register
    73 00000052 B804000000                  mov     eax, SYS_WRITE              ; system call number (sys_write) 32 Bit Register
    74 00000057 CD80                        int     SYS_KERNEL                  ; call kernel, system call 32 bit System
    75 00000059 C3                          ret                                 ; return
    76                                  
    77                                  ;-------------------------------------------------------
    78                                  ;-------------------Read from stdin---------------------
    79                                  ;-------------------------------------------------------
    80                                  sys_read:
    81 0000005A BB02000000                  mov     ebx, SYS_STDIN              ; file descriptor (stdin) 32 Bit Register
    82 0000005F B803000000                  mov     eax, SYS_READ               ; system call number (sys_read) 32 Bit Register    
    83 00000064 CD80                        int     SYS_KERNEL                  ; call kernel, system call 32 bit System
    84 00000066 C3                          ret                                 ; return
    85                                  
    86                                  ;-------------------------------------------------------
    87                                  ;---------------------Write ENDL------------------------
    88                                  ;-------------------------------------------------------
    89                                  write_endl:
    90 00000067 B9[56020000]                mov     ecx, crlf                   ; message 32 Bit Register
    91 0000006C BA02000000                  mov     edx, len_crlf               ; message length see length equ 32 Bit Register
    92 00000071 E8D7FFFFFF                  call    sys_write                   ; call sys_write
    93 00000076 C3                          ret                                 ; return
    94                                  
    95                                  ;-------------------------------------------------------
    96                                  ;----------------Initialize SUBROUTINE------------------
    97                                  ;-------------------------------------------------------
    98                                  initialize:
    99 00000077 31C0                        xor     eax, eax                    ; clear eax accumulator register
   100 00000079 B800000000                  mov     eax, SCORE_INIT             ; Moves 0 to Score
   101 0000007E A3[03000000]                mov     [score], eax                ; Initialize score at 0
   102                                  
   103 00000083 31C0                        xor     eax, eax                    ; clear eax accumulator register
   104 00000085 B864000000                  mov     eax, MAX_HEALTH             ; Moves 100 to Health
   105 0000008A A3[07000000]                mov     [health], eax               ; Initialize score at 0
   106 0000008F C3                          ret
   107                                  
   108                                  ;-------------------------------------------------------
   109                                  ;-------------------WELCOME SUBROUTINE------------------
   110                                  ;-------------------------------------------------------
   111                                  welcome:
   112 00000090 E8D2FFFFFF                  call    write_endl                  ; write ENDL
   113 00000095 B9[25000000]                mov     ecx, welcome_msg            ; message 32 Bit Register
   114 0000009A BAB9000000                  mov     edx, len_welcome_msg        ; message length see length equ 32 Bit Register
   115 0000009F E8A9FFFFFF                  call    sys_write                   ; call sys_write  
   116 000000A4 E8BEFFFFFF                  call    write_endl                  ; write ENDL
   117 000000A9 E8D4010000                  call    write_continue              ; call continue
   118 000000AE C3                          ret                                 ; return
   119                                  
   120                                  ;-------------------------------------------------------
   121                                  ;---------GAMEPLAY INPUT VALUES SUBROUTINE--------------
   122                                  ;-------------------------------------------------------    
   123                                  game_input:
   124 000000AF E817020000                  call    decorate                    ; Decorate screen
   125 000000B4 E81A000000                  call    potions_input               ; BRANCH TO POTION INPUT SUBROUTINE
   126 000000B9 E80D020000                  call    decorate                    ; Decorate screen
   127 000000BE E83E000000                  call    weapons_input               ; BRANCH TO WEAPONSS INPUT SUBROUTINE
   128 000000C3 E89FFFFFFF                  call    write_endl                  ; write ENDL
   129 000000C8 E8FE010000                  call    decorate                    ; Decorate screen
   130 000000CD E8B0010000                  call    write_continue              ; call continue msg
   131 000000D2 C3                          ret                                 ; return
   132                                  
   133                                  ;-------------------------------------------------------
   134                                  ;-----------------POTIONS INVENTORY---------------------
   135                                  ; NUMBER OF POTIONS TO BE USED IN A QUEST 
   136                                  ;------------------------------------------------------- 
   137                                  potions_input:
   138 000000D3 E88FFFFFFF                  call    write_endl                  ; write ENDL
   139 000000D8 B9[01010000]                mov     ecx, potion_msg             ; message 32 Bit Register
   140 000000DD BA1D000000                  mov     edx, len_potion_msg         ; message length see length equ 32 Bit Register
   141 000000E2 E866FFFFFF                  call    sys_write                   ; call sys_write    
   142 000000E7 E87BFFFFFF                  call    write_endl                  ; write ENDL
   143 000000EC B9[1E010000]                mov     ecx, potions_msg            ; message 32 Bit Register
   144 000000F1 BA15000000                  mov     edx, len_potions_msg        ; message length see length equ 32 Bit Register
   145 000000F6 E86CFFFFFF                  call    write_endl                  ; write ENDL
   146 000000FB E84DFFFFFF                  call    sys_write                   ; call sys_write    
   147 00000100 C3                          ret
   148                                  
   149                                  ;-------------------------------------------------------
   150                                  ;-------------------------WEAPONS-----------------------
   151                                  ; NUMBER OF WEAPONS
   152                                  ;*-------------------------------------------------------   
   153                                  weapons_input:
   154 00000101 E861FFFFFF                  call    write_endl                  ; write ENDL
   155 00000106 B9[33010000]                mov     ecx, weapons_msg            ; message 32 Bit Register
   156 0000010B BA71000000                  mov     edx, len_weapons_msg        ; message length see length equ 32 Bit Register
   157 00000110 E838FFFFFF                  call    sys_write                   ; call sys_write   
   158 00000115 E84DFFFFFF                  call    write_endl                  ; write ENDL
   159 0000011A C3                          ret
   160                                  
   161                                  ;-------------------------------------------------------
   162                                  ;-------------------GAME SUBROUTINE---------------------
   163                                  ;-------------------------------------------------------
   164                                  game:
   165 0000011B E801000000                  call    gameloop                    ; BRANCH TO GAMELOOP SUBROUTINE
   166 00000120 C3                          ret                                 ; RETURN FROM GAME: SUBROUTINE
   167                                  
   168                                  ;-------------------------------------------------------
   169                                  ;----------------GAMELOOP (MAIN LOOP)-------------------
   170                                  ;------------------------------------------------------- 
   171                                  gameloop:
   172 00000121 E81B020000                  call    clear_screen                ; CLEARS THE SCREEN 
   173 00000126 E8A0010000                  call    decorate                    ; Decorate screen
   174 0000012B E83D000000                  call    update                      ; BRANCH TO UPDATE GAME SUBROUTINE 
   175 00000130 E896010000                  call    decorate                    ; Decorate screen
   176 00000135 E8A4000000                  call    draw                        ; BRANCH TO DRAW SCREEN SUBROUTINE
   177 0000013A E88C010000                  call    decorate                    ; Decorate screen
   178 0000013F E8B4000000                  call    gameplay                    ; BRANCH TO GAMEPLAY SCREEN SUBROUTINE
   179 00000144 E882010000                  call    decorate                    ; Decorate screen
   180 00000149 E854020000                  call    green_terminal              ; Green Terminal
   181 0000014E E8BF000000                  call    hud                         ; BRANCH TO DISPLAY HUD SUBROUTINE
   182 00000153 E820020000                  call    default_terminal            ; Default Terminal
   183 00000158 E86E010000                  call    decorate                    ; Decorate screen
   184 0000015D E883010000                  call    collision                   ; BRANCH TO COLLISION SUBROUTINE
   185 00000162 E864010000                  call    decorate                    ; Decorate screen
   186 00000167 E82B010000                  call    replay                      ; BRANCH TO REPLAY GAME SUBROUTINE
   187 0000016C C3                          ret                                 ; RETURN FROM GAMELOOP: SUBROUTINE
   188                                  
   189                                  ;-------------------------------------------------------
   190                                  ;----------------UPDATE QUEST PROGRESS------------------
   191                                  ;  COMPLETE QUEST
   192                                  ;------------------------------------------------------- 
   193                                  update:
   194 0000016D E8F5FEFFFF                  call    write_endl                  ; write ENDL
   195 00000172 B9[B2010000]                mov     ecx, update_msg             ; message 32 Bit Register
   196 00000177 BA11000000                  mov     edx, len_update_msg         ; message length see length equ 32 Bit Register
   197 0000017C E8CCFEFFFF                  call    sys_write                   ; call sys_write   
   198 00000181 E8E1FEFFFF                  call    write_endl                  ; write ENDL
   199                                  
   200 00000186 E806000000                  call    .update_score               ; update score    
   201 0000018B E829000000                  call    .update_health              ; update health 
   202                                  
   203 00000190 C3                          ret                                 ; RETURN FROM UPDATE: SUBROUTINE
   204                                  
   205                                  .update_score:
   206 00000191 31C0                        xor     eax, eax                    ; clear eax accumulator register
   207 00000193 A1[03000000]                mov     eax, [score]                ; fetch score
   208                                     
   209 00000198 89C1                        mov     ecx, eax                    ; move to ecx for comparison
   210 0000019A 81F9AC260000                cmp     ecx, SCORE_VAL              ; Check is score is less than SCORE_VAL
   211 000001A0 7C0C                        jl      .set_score                  ; set score 
   212                                  .set_score_max:    
   213 000001A2 B80F270000                  mov     eax, MAX_SCORE              ; set score to MAX_SCORE
   214 000001A7 A3[03000000]                mov     [score], eax                ; update score
   215 000001AC EB0A                        jmp     .end_update_score           ; goto end or procedure
   216                                  .set_score:
   217 000001AE 83C064                      add     eax, SCORE_INC              ; increment score by SCORE_INC per round
   218 000001B1 A3[03000000]                mov     [score], eax                ; update score
   219 000001B6 EB00                        jmp     .end_update_score           ; goto end or procedure
   220                                  .end_update_score:
   221 000001B8 C3                          ret                                 ; return
   222                                      
   223                                  .update_health:
   224 000001B9 31C0                        xor     eax, eax                    ; clear eax accumulator register
   225 000001BB A1[07000000]                mov     eax, [health]               ; fetch health
   226                                      
   227 000001C0 89C1                        mov     ecx, eax
   228 000001C2 83F90A                      cmp     ecx, LOSE_HEALTH            ; Check is health remaining is greater than LOSE_HEALTH
   229 000001C5 7D0C                        jge     .set_health                 ; set health
   230                                  .set_health_zero:    
   231 000001C7 B800000000                  mov     eax, MIN_HEALTH             ; set health to 0
   232 000001CC A3[07000000]                mov     [health], eax               ; update health
   233 000001D1 EB0A                        jmp     .end_update_health          ; goto end or procedure
   234                                  .set_health:
   235 000001D3 83E80A                      sub     eax, LOSE_HEALTH            ; decrement health by 10 per round (TODO Change GSM when Health reached 0)
   236 000001D6 A3[07000000]                mov     [health], eax               ; update health
   237 000001DB EB00                        jmp     .end_update_health          ; goto end or procedure
   238                                  .end_update_health:
   239 000001DD C3                          ret                                 ; return
   240                                  
   241                                  ;-------------------------------------------------------
   242                                  ;-----------------DRAW QUEST UPDATES--------------------
   243                                  ; DRAW THE GAME PROGRESS INFORMATION, STATUS REGARDING
   244                                  ; QUEST
   245                                  ;------------------------------------------------------- 
   246                                  draw:
   247 000001DE E884FEFFFF                  call    write_endl                  ; write ENDL
   248 000001E3 B9[C3010000]                mov     ecx, draw_msg               ; message 32 Bit Register
   249 000001E8 BA0D000000                  mov     edx, len_draw_msg           ; message length see length equ 32 Bit Register
   250 000001ED E85BFEFFFF                  call    sys_write                   ; call sys_write   
   251 000001F2 E870FEFFFF                  call    write_endl                  ; write ENDL
   252 000001F7 C3                          ret                                 ; RETURN FROM DRAW: SUBROUTINE
   253                                  
   254                                  ;-------------------------------------------------------
   255                                  ;---GAME PLAY (QUEST PROGRESS)--------------------------
   256                                  ;------------------------------------------------------- 
   257                                  gameplay:
   258 000001F8 E86AFEFFFF                  call    write_endl                  ; write ENDL
   259 000001FD B9[A4010000]                mov     ecx, gameplay_msg           ; message 32 Bit Register
   260 00000202 BA0E000000                  mov     edx, len_gameplay_msg       ; message length see length equ 32 Bit Register
   261 00000207 E841FEFFFF                  call    sys_write                   ; call sys_write   
   262 0000020C E856FEFFFF                  call    write_endl                  ; write ENDL
   263 00000211 C3                          ret                                 ; RETURN FROM DRAW: SUBROUTINE
   264                                  
   265                                  ;-------------------------------------------------------
   266                                  ;------------HEADS UP DISPLAY (SCORE & \HEALTH)---------
   267                                  ; RETRIEVES THE SCORE FROM MEMORY LOCATION
   268                                  ; RETRIEVES THE HEALTH FROM MEMORY LOCATION
   269                                  ;-------------------------------------------------------   
   270                                  hud:
   271 00000212 E806000000                  call    .hud_score                  ; print score
   272 00000217 E836000000                  call    .hud_health                 ; print health
   273 0000021C C3                          ret                                 ; RETURN FROM HUD: SUBROUTINE
   274                                  
   275                                  .hud_score:
   276 0000021D E845FEFFFF                  call    write_endl                  ; write ENDL
   277 00000222 B9[45020000]                mov     ecx, score_msg              ; message 32 Bit Register
   278 00000227 BA08000000                  mov     edx, len_score_msg          ; message length see length equ 32 Bit Register
   279 0000022C E81CFEFFFF                  call    sys_write                   ; call sys_write   
   280                                  
   281 00000231 A1[03000000]                mov     eax, [score]                ; Pass number to eax
   282 00000236 BE[0F000000]                mov     esi, buffer                 ; Size of Buffer
   283                                      
   284 0000023B E8E5000000                  call    int_to_string               ; Call int_to_string
   285                                  
   286 00000240 89C1                        mov     ecx, eax                    ; Result in eax, pass to ecx to print                 
   287 00000242 BA04000000                  mov     edx, 0x4                    ; message length see length equ 32 Bit Register
   288                                  
   289 00000247 E801FEFFFF                  call    sys_write                   ; call sys_write   
   290 0000024C E816FEFFFF                  call    write_endl                  ; write ENDL
   291 00000251 C3                          ret                                 ; return
   292                                  
   293                                  .hud_health:
   294 00000252 B9[4D020000]                mov     ecx, health_msg             ; message 32 Bit Register
   295 00000257 BA09000000                  mov     edx, len_health_msg         ; message length see length equ 32 Bit Register
   296 0000025C E8ECFDFFFF                  call    sys_write                   ; call sys_write   
   297                                  
   298 00000261 A1[07000000]                mov     eax, [health]               ; Pass number to eax
   299 00000266 BE[0F000000]                mov     esi, buffer                 ; Size of Buffer
   300                                      
   301 0000026B E8B5000000                  call    int_to_string               ; Call int_to_string
   302                                  
   303 00000270 89C1                        mov     ecx, eax                    ; Result in eax, pass to ecx to print                 
   304 00000272 BA04000000                  mov     edx, 0x4                    ; message length see length equ 32 Bit Register
   305                                  
   306 00000277 E8D1FDFFFF                  call    sys_write                   ; call sys_write   
   307 0000027C E8E6FDFFFF                  call    write_endl                  ; write ENDL
   308 00000281 C3                          ret
   309                                  
   310                                  
   311                                  ;-------------------------------------------------------
   312                                  ;----------------------Continue-------------------------
   313                                  ;-------------------------------------------------------
   314                                  write_continue:
   315 00000282 E8E0FDFFFF                  call    write_endl                  ; write ENDL
   316 00000287 B9[DE000000]                mov     ecx, continue_msg           ; message 32 Bit Register
   317 0000028C BA23000000                  mov     edx, len_continue_msg       ; message length see length equ 32 Bit Register
   318 00000291 E8B7FDFFFF                  call    sys_write                   ; call sys_write  
   319 00000296 C3                          ret                                 ; return
   320                                  ;-------------------------------------------------------
   321                                  ;------------------------REPLAY-------------------------
   322                                  ;-------------------------------------------------------
   323                                  replay:
   324 00000297 E8CBFDFFFF                  call    write_endl                  ; write ENDL
   325 0000029C B9[18020000]                mov     ecx, replay_msg             ; message 32 Bit Register
   326 000002A1 BA2D000000                  mov     edx, len_replay_msg         ; message length see length equ 32 Bit Register
   327 000002A6 E8A2FDFFFF                  call    sys_write                   ; call sys_write
   328 000002AB B9[01000000]                mov     ecx, action                 ; move input to action  
   329 000002B0 BA01000000                  mov     edx, 1                      ; size of input
   330 000002B5 E8A0FDFFFF                  call    sys_read                    ; call sys_read
   331 000002BA 89CB                        mov     ebx, ecx                    ; move to compare input
   332 000002BC 803B30                      cmp     byte [ebx], 0x30            ; compare value in register with 0x30 Hex ASCII for 0
   333 000002BF 0F855CFEFFFF                jne     gameloop                    ; jump tp gameloop if not equals 0
   334 000002C5 E89DFDFFFF                  call    write_endl                  ; write ENDL
   335 000002CA C3                          ret                                 ; RETURN FROM REPLAY: SUBROUTINE
   336                                  
   337                                  ;-------------------------------------------------------
   338                                  ;------------------SCREEN DECORATION--------------------
   339                                  ;-------------------------------------------------------
   340                                  decorate:
   341 000002CB E897FDFFFF                  call    write_endl                  ; write ENDL
   342 000002D0 B9[DC010000]                mov     ecx, loop_msg               ; message 32 Bit Register
   343 000002D5 BA3C000000                  mov     edx, len_loop_msg           ; message length see length equ 32 Bit Register
   344 000002DA E86EFDFFFF                  call    sys_write                   ; call sys_write
   345 000002DF E883FDFFFF                  call    write_endl                  ; write ENDL
   346 000002E4 C3                          ret                                 ; RETURN FROM DECORATE: SUBROUTINE
   347                                  
   348                                  ;-------------------------------------------------------
   349                                  ;---------------Collision Detection (Attacked)----------
   350                                  ; This procedure is used for collision detection
   351                                  ;-------------------------------------------------------
   352                                  collision:
   353 000002E5 31DB                        xor     ebx, ebx                    ; clear ebx
   354 000002E7 BB64000000                  mov     ebx, MINE_LOC               ; move ordinace location into ebx
   355 000002EC 83FB64                      cmp     ebx, 0x64                   ; compare value in register with 0x64 100,ebx IS( X == 100)?
   356 000002EF 751A                    	jne     collision_miss              ; COLLISION_MISS IF X IS NOT EQUAL TO 100, OTHERWISW HIT
   357                                  collision_hit:
   358 000002F1 E871FDFFFF                  call    write_endl                  ; write ENDL
   359 000002F6 B9[D0010000]                mov     ecx, hit_msg                ; message 32 Bit Register
   360 000002FB BA07000000                  mov     edx, len_hit_msg            ; message length see length equ 32 Bit Register
   361 00000300 E848FDFFFF                  call    sys_write                   ; call sys_write   
   362 00000305 E85DFDFFFF                  call    write_endl                  ; write ENDL
   363 0000030A C3                          ret                                 ; RETURN FROM COLLISION: SUBROUTINE
   364                                  
   365                                  collision_miss:
   366 0000030B E857FDFFFF                  call    write_endl                  ; write ENDL
   367 00000310 B9[D7010000]                mov     ecx, miss_msg               ; message 32 Bit Register
   368 00000315 BA05000000                  mov     edx, len_miss_msg           ; message length see length equ 32 Bit Register
   369 0000031A E82EFDFFFF                  call    sys_write                   ; call sys_write   
   370 0000031F E843FDFFFF                  call    write_endl                  ; write ENDL
   371 00000324 C3                          ret                                 ; RETURN FROM COLLISION: SUBROUTINE   
   372                                  
   373                                  ;-------------------------------------------------------
   374                                  ;----Convert Number into Printable String---------------
   375                                  ; Step through each digit and display
   376                                  ;-------------------------------------------------------
   377                                  int_to_string:
   378 00000325 83C609                      add     esi, 9                      ; 0-9 Bytes    
   379 00000328 C60600                      mov     byte [esi], 0               ; String terminator
   380                                      
   381 0000032B BB0A000000                  mov     ebx, 10                     ; Move 10 (divide each digit by 10)
   382                                  
   383                                  .next_digit:
   384 00000330 31D2                        xor     edx, edx                    ; clear edx register
   385 00000332 F7F3                        div     ebx                         ; eax /= 10
   386 00000334 80C230                      add     dl, '0'                     ; Convert the remainder to ASCII 
   387 00000337 4E                          dec     esi                         ; Store characters in reverse order
   388 00000338 8816                        mov     [esi], dl                   ; Move DL register to ESI
   389 0000033A 85C0                        test    eax, eax                    ; Perform a bitwise AND on two operands                   
   390 0000033C 75F2                        jnz     .next_digit                 ; Repeat until eax == 0
   391 0000033E 89F0                        mov     eax, esi                    ; Memory address of first Digit
   392 00000340 C3                          ret
   393                                  
   394                                  ;-------------------------------------------------------
   395                                  ;------------------CLEAR SCREEN-------------------------
   396                                  ;-------------------------------------------------------
   397                                  clear_screen:
   398 00000341 B9[00000000]                mov     ecx, clear_escape           ; Terminal control string
   399 00000346 BA07000000                  mov     edx, len_clear_escape       ; clear_escape message length
   400 0000034B E8FDFCFFFF                  call    sys_write                   ; call sys_write
   401 00000350 C3                          ret
   402                                  
   403                                  ;-------------------------------------------------------
   404                                  ;------------------CONTINUE-----------------------------
   405                                  ;-------------------------------------------------------
   406                                  continue:
   407 00000351 B9[02000000]                mov     ecx, anykey                 ; move input to anykey  
   408 00000356 BA01000000                  mov     edx, 1                      ; size of input
   409 0000035B E8FAFCFFFF                  call    sys_read                    ; call sys_read
   410 00000360 C3                          ret                                 ; return
   411                                  
   412                                  ;-------------------------------------------------------
   413                                  ;------------------Flush Line Feed----------------------
   414                                  ;-------------------------------------------------------
   415                                  flush:
   416 00000361 B9[13000000]                mov     ecx, flush_buffer           ; message 32 Bit Register
   417 00000366 BA01000000                  mov     edx, len_flush_buffer       ; message length see length equ 32 Bit Register
   418 0000036B E8EAFCFFFF                  call    sys_read                    ; call sys_read
   419 00000370 807C11FF0A                  cmp     byte [ecx + edx - 1], 0xA   ; cmp line feed
   420 00000375 75EA                        jne     flush                       ; loop again
   421 00000377 C3                          ret                                 ; return
   422                                  
   423                                  ;-------------------------------------------------------
   424                                  ;------------------Default Terminal---------------------
   425                                  ;-------------------------------------------------------
   426                                  default_terminal:
   427 00000378 B9[07000000]                mov     ecx, terminal_default       ; message 32 Bit Register
   428 0000037D BA0A000000                  mov     edx, len_terminal_default   ; message length see length equ 32 Bit Register
   429 00000382 E8C6FCFFFF                  call    sys_write                   ; call sys_write 
   430 00000387 E8DBFCFFFF                  call    write_endl                  ; write ENDL
   431 0000038C C3                          ret                                 ; return  
   432                                  
   433                                  ;-------------------------------------------------------
   434                                  ;---------------------Red Terminal----------------------
   435                                  ;-------------------------------------------------------
   436                                  red_terminal:
   437 0000038D B9[11000000]                mov     ecx, terminal_red           ; message 32 Bit Register
   438 00000392 BA05000000                  mov     edx, len_terminal_red       ; message length see length equ 32 Bit Register
   439 00000397 E8B1FCFFFF                  call    sys_write                   ; call sys_write 
   440 0000039C E8C6FCFFFF                  call    write_endl                  ; write ENDL
   441 000003A1 C3                          ret                                 ; return
   442                                  ;-------------------------------------------------------
   443                                  ;--------------------Green Terminal---------------------
   444                                  ;-------------------------------------------------------
   445                                  green_terminal: 
   446 000003A2 B9[16000000]                mov     ecx, terminal_green         ; message 32 Bit Register
   447 000003A7 BA0A000000                  mov     edx, len_terminal_green     ; message length see length equ 32 Bit Register
   448 000003AC E89CFCFFFF                  call    sys_write                   ; call sys_write 
   449 000003B1 E8B1FCFFFF                  call    write_endl                  ; write ENDL
   450 000003B6 C3                          ret                                 ; return
   451                                  ;-------------------------------------------------------
   452                                  ;--------------------Blue Terminal----------------------
   453                                  ;-------------------------------------------------------
   454                                  blue_terminal:
   455 000003B7 B9[20000000]                mov     ecx, terminal_blue          ; message 32 Bit Register
   456 000003BC BA05000000                  mov     edx, len_terminal_blue      ; message length see length equ 32 Bit Register
   457 000003C1 E887FCFFFF                  call    sys_write                   ; call sys_write 
   458 000003C6 E89CFCFFFF                  call    write_endl                  ; write ENDL
   459 000003CB C3                          ret                                 ; return 
   460                                  
   461                                  ;-------------------------------------------------------
   462                                  ;---------------------Section BSS-----------------------
   463                                  ;-------------------------------------------------------    
   464                                  section .bss
   465 00000000 ??                          counter resb 1                      ; reserve a byte of memory for counter
   466 00000001 ??                          action  resb 1                      ; reserve a byte of memory for action
   467 00000002 ??                          anykey  resb 1                      ; reserve a byte of memory for anykey
   468 00000003 ????????                    score   resb 4                      ; reserve a byte of memory for score
   469 00000007 ????????                    health  resb 4                      ; reserve a byte of memory for health
   470 0000000B ????????                    number  resb 4                      ; reserve a byte of memory for buffer atoi
   471 0000000F ????????                    buffer  resb 4                      ; reserve a byte of memory for buffer atoi
   472 00000013 ??                          flush_buffer        resb 1              ; flush buffer
   473                                      len_flush_buffer    equ $-flush_buffer  ; flush buffer length   
   474 00000014 ??                          row     resb 1                      ; reserve a byte or memory for row
   475 00000015 ??                          col     resb 1                      ; reserve a byte or memory for column
   476                                                           
   477                                  
   478                                  ;-------------------------------------------------------
   479                                  ;---------------------Section Data----------------------
   480                                  ;-------------------------------------------------------    
   481                                  section .data
   482                                  
   483                                  ; Clear screen terminal escape sequence
   484 00000000 1B5B481B5B324A          clear_escape        db   27,"[H",27,"[2J"               ; see https://opensource.com/article/19/9/linux-terminal-colors
   485                                  len_clear_escape    equ  $-clear_escape                 ; clear_escape message length
   486 00000007 1B5B33396D1B5B3439-     terminal_default    db   27,"[39m",27,"[49m"            ; Terminal default colors
   486 00000010 6D                 
   487                                  len_terminal_default  equ  $-terminal_default           ; terminal_default message length
   488 00000011 1B5B33316D              terminal_red        db   27,"[31m"                      ; Red Text
   489                                  len_terminal_red    equ  $-terminal_red                 ; terminal_red message length
   490                                  
   491 00000016 1B5B33326D1B5B3437-     terminal_green      db   27,"[32m", 27,"[47m"           ; Green Text
   491 0000001F 6D                 
   492                                  len_terminal_green  equ  $-terminal_green               ; terminal_green message length
   493 00000020 1B5B33346D              terminal_blue       db   27,"[34m"                      ; Blue Text
   494                                  len_terminal_blue   equ  $-terminal_blue                ; cleterminal_blue message length
   495                                  
   496                                  ; Welcome Message Splash Screen
   497 00000025 2A2A2A2A2A2A2A2A2A-     welcome_msg         db  '************************************************************'
   497 0000002E 2A2A2A2A2A2A2A2A2A-
   497 00000037 2A2A2A2A2A2A2A2A2A-
   497 00000040 2A2A2A2A2A2A2A2A2A-
   497 00000049 2A2A2A2A2A2A2A2A2A-
   497 00000052 2A2A2A2A2A2A2A2A2A-
   497 0000005B 2A2A2A2A2A2A       
   498 00000061 0D0A                                        db  $0D,$0A
   499 00000063 535452415445475920-                         db  'STRATEGY GAMES SUCH AS ZORK, AVALON, OR RABBITS VS PLUMBERS'
   499 0000006C 47414D455320535543-
   499 00000075 48204153205A4F524B-
   499 0000007E 2C204156414C4F4E2C-
   499 00000087 204F52205241424249-
   499 00000090 545320565320504C55-
   499 00000099 4D42455253         
   500 0000009E 0D0A                                        db  $0D,$0A
   501 000000A0 2A2A2A2A2A2A2A2A2A-                         db  '************************************************************'
   501 000000A9 2A2A2A2A2A2A2A2A2A-
   501 000000B2 2A2A2A2A2A2A2A2A2A-
   501 000000BB 2A2A2A2A2A2A2A2A2A-
   501 000000C4 2A2A2A2A2A2A2A2A2A-
   501 000000CD 2A2A2A2A2A2A2A2A2A-
   501 000000D6 2A2A2A2A2A2A       
   502 000000DC 0D0A                                        db  $0D,$0A
   503                                  len_welcome_msg     equ $-welcome_msg                   ; welcome_msg message length
   504                                  
   505                                  ; Continue Message 
   506 000000DE 507265737320616E79-     continue_msg        db  'Press any key to continue........'
   506 000000E7 206B657920746F2063-
   506 000000F0 6F6E74696E75652E2E-
   506 000000F9 2E2E2E2E2E2E       
   507 000000FF 0D0A                                        db  $0D,$0A
   508                                  len_continue_msg     equ $-continue_msg                 ; continue_msg message length
   509                                  
   510                                  ; Game play messages
   511 00000101 504F54494F4E202E2E-     potion_msg          db  'POTION ....'
   511 0000010A 2E2E               
   512 0000010C 0D0A                                        db  $0D,$0A
   513 0000010E 454E54455220504F54-                         db  'ENTER POTION : ',0
   513 00000117 494F4E203A2000     
   514                                  len_potion_msg      equ $-potion_msg                    ; potion_msg message length
   515                                  
   516 0000011E 4E554D424552204F46-     potions_msg         db  'NUMBER OF POTIONS : ',0
   516 00000127 20504F54494F4E5320-
   516 00000130 3A2000             
   517                                  len_potions_msg     equ $-potions_msg                   ; potions_msg message length
   518                                  
   519 00000133 454143482051554553-     weapons_msg         db  'EACH QUEST NEED AT LEAST 2 WEAPONS'
   519 0000013C 54204E454544204154-
   519 00000145 204C45415354203220-
   519 0000014E 574541504F4E53     
   520 00000155 0D0A                                        db  $0D,$0A
   521 00000157 4D494E494D554D2052-                         db  'MINIMUM REQUIREMENT IS 2 '
   521 00000160 4551554952454D454E-
   521 00000169 54204953203220     
   522 00000170 692E652053574F5244-                         db  'i.e SWORD X 1 AND SPEER X 1.'
   522 00000179 2058203120414E4420-
   522 00000182 535045455220582031-
   522 0000018B 2E                 
   523 0000018C 0D0A                                        db  $0D,$0A
   524 0000018E 454E5445522023204F-                         db  'ENTER # OF WEAPONS : ',0
   524 00000197 4620574541504F4E53-
   524 000001A0 203A2000           
   525                                  len_weapons_msg     equ $-weapons_msg                   ; weapons_msg message length
   526                                  
   527 000001A4 4144442047414D4550-     gameplay_msg        db  'ADD GAMEPLAY !'                ; gameplay_msg
   527 000001AD 4C41592021         
   528                                  len_gameplay_msg    equ $-gameplay_msg                  ; gameplay_msg message length
   529                                  
   530 000001B2 555044415445204741-     update_msg          db  'UPDATE GAMEPLAY !'             ; update_msg
   530 000001BB 4D45504C41592021   
   531                                  len_update_msg      equ $-update_msg                    ; update_msg message length     
   532                                  
   533 000001C3 445241572053435245-     draw_msg            db  'DRAW SCREEN !'                 ; draw_msg
   533 000001CC 454E2021           
   534                                  len_draw_msg        equ $-draw_msg                      ; draw_msg message length     
   535                                  
   536 000001D0 535452494B4521          hit_msg             db  'STRIKE!'                       ; hit_msg
   537                                  len_hit_msg         equ $-hit_msg                       ; hit_msg message length     
   538                                  
   539 000001D7 4D49535321              miss_msg            db  'MISS!'                         ; miss_msg
   540                                  len_miss_msg        equ $-miss_msg                      ; miss_msg message length     
   541                                  
   542 000001DC 2E<rep 3Ch>             loop_msg            times 60 db  '.'                             ; loop_msg
   543                                  len_loop_msg        equ $-loop_msg                      ; loop_msg message length     
   544                                  
   545 00000218 454E54455220302054-     replay_msg          db  'ENTER 0 TO QUIT '
   545 00000221 4F205155495420     
   546 00000228 414E59204F54484552-                         db  'ANY OTHER NUMBER TO REPLAY : '
   546 00000231 204E554D4245522054-
   546 0000023A 4F205245504C415920-
   546 00000243 3A20               
   547                                  len_replay_msg      equ $-replay_msg                    ; replay_msg message length     
   548                                  
   549 00000245 53434F5245203A20        score_msg           db  'SCORE : '
   550                                  len_score_msg       equ $-score_msg                     ; score message length
   551                                  
   552 0000024D 4865616C7468203A20      health_msg          db  'Health : '
   553                                  len_health_msg      equ $-health_msg                    ; health message length  
   554                                   
   555 00000256 0D0A                    crlf                db $0D,$0A                          ; carraige return line feed
   556                                  len_crlf            equ $-crlf                          ; length crlf
